// Jest Snapshot v1, https://goo.gl/fbAQLP

exports[`matches snapshot 1`] = `
<DocumentFragment>
  <div
    class="JobsList"
  >
    <h4>
      Applying for jobs is as simple as clicking a button!
    </h4>
    <form
      class="Search-bar mt-5 form-container"
    >
      <div
        class="input-group"
      >
        <input
          aria-describedby="button-addon1"
          class="form-control"
          id="term"
          name="term"
          placeholder="Search..."
          type="text"
          value=""
        />
        <button
          class="btn-primary rounded"
          id="button-addon1"
        >
          Search
        </button>
      </div>
    </form>
    <div
      class="mt-3"
    >
      <p>
        ....no results right now
      </p>
    </div>
  </div>
</DocumentFragment>
`;
