// Jest Snapshot v1, https://goo.gl/fbAQLP

exports[`matches snapshot when user logged in 1`] = `
<DocumentFragment>
  <nav
    class="navbar navbar-expand-md navbar-light bg-white"
  >
    <a
      aria-current="page"
      class="navbar-brand active"
      href="/"
    >
      Jobly
    </a>
    <button
      aria-controls="navbarNavDropdown"
      aria-expanded="false"
      aria-label="Toggle navigation"
      class="navbar-toggler"
      data-target="#navbarNavDropdown"
      data-toggle="collapse"
      type="button"
    >
      <span
        class="navbar-toggler-icon"
      />
    </button>
    <div
      class="collapse navbar-collapse"
      id="navbarNavDropdown"
    >
      <div
        class="navbar-nav ml-auto"
      >
        <a
          class="nav-item nav-link"
          href="/companies"
        >
          Companies
        </a>
        <a
          class="nav-link nav-item"
          href="/jobs"
        >
          Jobs
        </a>
        <a
          class="nav-link nav-item"
          href="/profile"
        >
          Profile
        </a>
        <a
          class="nav-link nav-item"
          href="/"
        >
          Logout
        </a>
      </div>
    </div>
  </nav>
</DocumentFragment>
`;

exports[`matches snapshot when user logged out 1`] = `
<DocumentFragment>
  <nav
    class="navbar navbar-expand-lg bg-white"
  >
    <a
      aria-current="page"
      class="Navbar-link navbar-brand active"
      href="/"
    >
      Jobly
    </a>
    <ul
      class="navbar-nav ml-auto"
    >
      <li
        class="nav-item active"
      >
        <a
          class="Navbar-link"
          href="/login"
        >
          Login
        </a>
      </li>
    </ul>
  </nav>
</DocumentFragment>
`;
