// Jest Snapshot v1, https://goo.gl/fbAQLP

exports[`matches snapshot 1`] = `
<DocumentFragment>
  <div
    class="EditProfile-card form-container"
  >
    <h2>
      testuser
    </h2>
    <form>
      <div
        class="form-group"
      >
        <label
          for="firstName"
        >
          First Name:
        </label>
        <input
          class="form-control"
          id="firstName"
          name="firstName"
          type="text"
          value="test"
        />
      </div>
      <div
        class="form-group"
      >
        <label
          for="email"
        >
          Last Name:
        </label>
        <input
          class="form-control"
          id="lastName"
          name="lastName"
          type="text"
          value="testy"
        />
      </div>
      <div
        class="form-group"
      >
        <label
          for="email"
        >
          Email:
        </label>
        <input
          class="form-control"
          id="email"
          name="email"
          type="text"
          value=""
        />
      </div>
      <div
        class="form-group"
      >
        <label
          for="password"
        >
          Confirm password to make changes:
        </label>
        <input
          class="form-control"
          id="password"
          name="password"
          type="password"
          value=""
        />
      </div>
      <button
        class="btn-primary rounded"
      >
        Save Changes
      </button>
    </form>
  </div>
</DocumentFragment>
`;
